2024-10-01 15:34:08,021 - instabot version: 0.117.0 (bot) - INFO - Instabot version: 0.117.0 Started
2024-10-01 15:34:08,021 - instabot version: 0.117.0 (bot) - DEBUG - Bot imported from /home/harshkumar/.local/lib/python3.10/site-packages/instabot/bot/bot.py
2024-10-01 15:34:08,021 - instabot version: 0.117.0 (api_login) - INFO - Not yet logged in starting: PRE-LOGIN FLOW!
2024-10-01 15:34:08,427 - instabot version: 0.117.0 (api) - DEBUG - POST to endpoint: accounts/get_prefill_candidates/ returned response: <Response [429]>
2024-10-01 15:34:08,427 - instabot version: 0.117.0 (api) - DEBUG - Responsecode indicates error; response content: b'{"message":"Please wait a few minutes before you try again.","status":"fail"}'
2024-10-01 15:34:08,428 - instabot version: 0.117.0 (api) - ERROR - Request returns 429 error!
2024-10-01 15:34:08,853 - instabot version: 0.117.0 (api) - DEBUG - POST to endpoint: qe/sync/ returned response: <Response [200]>
2024-10-01 15:34:09,962 - instabot version: 0.117.0 (api) - DEBUG - POST to endpoint: launcher/sync/ returned response: <Response [200]>
2024-10-01 15:34:10,360 - instabot version: 0.117.0 (api) - DEBUG - POST to endpoint: accounts/contact_point_prefill/ returned response: <Response [200]>
2024-10-01 15:34:15,027 - instabot version: 0.117.0 (api) - DEBUG - POST to endpoint: accounts/login/ returned response: <Response [200]>
2024-10-01 15:34:15,027 - instabot version: 0.117.0 (api) - INFO - Logged-in successfully as 'softskilliq@gmail.com'!
2024-10-01 15:34:15,027 - instabot version: 0.117.0 (api_login) - INFO - LOGIN FLOW! Just logged-in: True
2024-10-01 15:34:15,392 - instabot version: 0.117.0 (api) - DEBUG - POST to endpoint: qe/sync/ returned response: <Response [429]>
2024-10-01 15:34:15,392 - instabot version: 0.117.0 (api) - DEBUG - Responsecode indicates error; response content: b'{"message":"prefetch disabled","status":"fail"}'
2024-10-01 15:34:15,392 - instabot version: 0.117.0 (api) - ERROR - Request returns 429 error!
2024-10-01 15:34:15,718 - instabot version: 0.117.0 (api) - DEBUG - POST to endpoint: launcher/sync/ returned response: <Response [429]>
2024-10-01 15:34:15,718 - instabot version: 0.117.0 (api) - DEBUG - Responsecode indicates error; response content: b'{"message":"prefetch disabled","status":"fail"}'
2024-10-01 15:34:15,718 - instabot version: 0.117.0 (api) - ERROR - Request returns 429 error!
2024-10-01 15:34:16,106 - instabot version: 0.117.0 (api) - DEBUG - GET to endpoint: zr/token/result/?device_id=android-7d1a502c0568131e&token_hash=&custom_device_id=android-7d1a502c0568131e&fetch_reason=token_expired returned response: <Response [429]>
2024-10-01 15:34:16,106 - instabot version: 0.117.0 (api) - DEBUG - Responsecode indicates error; response content: b'{"message":"prefetch disabled","status":"fail"}'
2024-10-01 15:34:16,106 - instabot version: 0.117.0 (api) - ERROR - Request returns 429 error!
2024-10-01 15:34:16,434 - instabot version: 0.117.0 (api) - DEBUG - GET to endpoint: multiple_accounts/get_account_family/ returned response: <Response [429]>
2024-10-01 15:34:16,435 - instabot version: 0.117.0 (api) - DEBUG - Responsecode indicates error; response content: b'{"message":"prefetch disabled","status":"fail"}'
2024-10-01 15:34:16,435 - instabot version: 0.117.0 (api) - ERROR - Request returns 429 error!
2024-10-01 15:34:16,823 - instabot version: 0.117.0 (api) - DEBUG - POST to endpoint: qe/sync/ returned response: <Response [429]>
2024-10-01 15:34:16,824 - instabot version: 0.117.0 (api) - DEBUG - Responsecode indicates error; response content: b'{"message":"prefetch disabled","status":"fail"}'
2024-10-01 15:34:16,824 - instabot version: 0.117.0 (api) - ERROR - Request returns 429 error!
