2024-10-01 15:31:59,840 - instabot version: 0.117.0 (bot) - INFO - Instabot version: 0.117.0 Started
2024-10-01 15:31:59,840 - instabot version: 0.117.0 (bot) - DEBUG - Bot imported from /home/harshkumar/.local/lib/python3.10/site-packages/instabot/bot/bot.py
2024-10-01 15:31:59,840 - instabot version: 0.117.0 (api_login) - DEBUG - Loading cookies
2024-10-01 15:31:59,840 - instabot version: 0.117.0 (api_login) - DEBUG - Loading uuids
2024-10-01 15:31:59,840 - instabot version: 0.117.0 (api_login) - INFO - Recovery from /home/harshkumar/Python/config/saini_boy_1276_uuid_and_cookie.json: COOKIE True - UUIDs True - TIMING, DEVICE and ...
- user-agent=Instagram 117.0.0.28.123 Android (28/9.0; 420dpi; 1080x1920; OnePlus; ONEPLUS A3003; OnePlus3; qcom; en_US; 180322800)
- phone_id=5b696366-60e3-452c-be78-ff3f21011b95
- uuid=070e4186-f22d-48a5-803d-f432e27f86ec
- client_session_id=2500922b-f1cb-4e93-a178-05075ebb734c
- device_id=android-8b6658e388ba49c3
2024-10-01 15:31:59,840 - instabot version: 0.117.0 (api_login) - INFO - LOGIN FLOW! Just logged-in: False
2024-10-01 15:32:00,164 - instabot version: 0.117.0 (api) - DEBUG - POST to endpoint: feed/timeline/ returned response: <Response [429]>
2024-10-01 15:32:00,164 - instabot version: 0.117.0 (api) - DEBUG - Responsecode indicates error; response content: b'{"message":"prefetch disabled","status":"fail"}'
2024-10-01 15:32:00,165 - instabot version: 0.117.0 (api) - ERROR - Request returns 429 error!
2024-10-01 15:32:00,480 - instabot version: 0.117.0 (api) - DEBUG - POST to endpoint: feed/reels_tray/ returned response: <Response [429]>
2024-10-01 15:32:00,480 - instabot version: 0.117.0 (api) - DEBUG - Responsecode indicates error; response content: b'{"message":"prefetch disabled","status":"fail"}'
2024-10-01 15:32:00,480 - instabot version: 0.117.0 (api) - ERROR - Request returns 429 error!
2024-10-01 15:32:00,481 - instabot version: 0.117.0 (api) - INFO - Login flow failed, the cookie is broken. Relogin again.
2024-10-01 15:32:00,481 - instabot version: 0.117.0 (api_login) - DEBUG - Loading cookies
2024-10-01 15:32:00,482 - instabot version: 0.117.0 (api_login) - DEBUG - Loading uuids
2024-10-01 15:32:00,482 - instabot version: 0.117.0 (api_login) - INFO - Recovery from /home/harshkumar/Python/config/saini_boy_1276_uuid_and_cookie.json: COOKIE True - UUIDs True - TIMING, DEVICE and ...
- user-agent=Instagram 117.0.0.28.123 Android (28/9.0; 420dpi; 1080x1920; OnePlus; ONEPLUS A3003; OnePlus3; qcom; en_US; 180322800)
- phone_id=5b696366-60e3-452c-be78-ff3f21011b95
- uuid=070e4186-f22d-48a5-803d-f432e27f86ec
- client_session_id=2500922b-f1cb-4e93-a178-05075ebb734c
- device_id=android-8b6658e388ba49c3
2024-10-01 15:32:00,482 - instabot version: 0.117.0 (api_login) - INFO - Not yet logged in starting: PRE-LOGIN FLOW!
2024-10-01 15:32:00,811 - instabot version: 0.117.0 (api) - DEBUG - POST to endpoint: accounts/get_prefill_candidates/ returned response: <Response [429]>
2024-10-01 15:32:00,811 - instabot version: 0.117.0 (api) - DEBUG - Responsecode indicates error; response content: b'{"message":"prefetch disabled","status":"fail"}'
2024-10-01 15:32:00,811 - instabot version: 0.117.0 (api) - ERROR - Request returns 429 error!
2024-10-01 15:32:01,195 - instabot version: 0.117.0 (api) - DEBUG - POST to endpoint: qe/sync/ returned response: <Response [429]>
2024-10-01 15:32:01,195 - instabot version: 0.117.0 (api) - DEBUG - Responsecode indicates error; response content: b'{"message":"prefetch disabled","status":"fail"}'
2024-10-01 15:32:01,195 - instabot version: 0.117.0 (api) - ERROR - Request returns 429 error!
2024-10-01 15:32:01,939 - instabot version: 0.117.0 (api) - DEBUG - POST to endpoint: launcher/sync/ returned response: <Response [429]>
2024-10-01 15:32:01,939 - instabot version: 0.117.0 (api) - DEBUG - Responsecode indicates error; response content: b'{"message":"prefetch disabled","status":"fail"}'
2024-10-01 15:32:01,939 - instabot version: 0.117.0 (api) - ERROR - Request returns 429 error!
2024-10-01 15:32:02,257 - instabot version: 0.117.0 (api) - DEBUG - POST to endpoint: accounts/contact_point_prefill/ returned response: <Response [429]>
2024-10-01 15:32:02,258 - instabot version: 0.117.0 (api) - DEBUG - Responsecode indicates error; response content: b'{"message":"prefetch disabled","status":"fail"}'
2024-10-01 15:32:02,258 - instabot version: 0.117.0 (api) - ERROR - Request returns 429 error!
2024-10-01 15:32:02,673 - instabot version: 0.117.0 (api) - DEBUG - POST to endpoint: accounts/login/ returned response: <Response [429]>
2024-10-01 15:32:02,673 - instabot version: 0.117.0 (api) - DEBUG - Responsecode indicates error; response content: b'{"message":"prefetch disabled","status":"fail"}'
2024-10-01 15:32:02,673 - instabot version: 0.117.0 (api) - ERROR - Request returns 429 error!
2024-10-01 15:32:02,673 - instabot version: 0.117.0 (api) - ERROR - Failed to login go to instagram and change your password
2024-10-01 15:32:02,673 - instabot version: 0.117.0 (api) - INFO - Username or password is incorrect.
